c:\Users\maf\cci1\Foxtrot\Tests\CheckerTests\CC1013.cs(21,5) : error CC1013: Precondition found after postcondition.
