c:\Users\maf\cci1\Foxtrot\Tests\CheckerTests\CC1014.cs(21,5) : error CC1014: Precondition found after postcondition.
