c:\Users\maf\cci1\Foxtrot\Tests\CheckerTests\CC1000.cs(20,5) : error CC1000: Literal expression in Old expression.
