c:\Users\maf\cci1\Foxtrot\Tests\CheckerTests\CC1012.cs(21,5) : error CC1012: Contract call found after prior EndContractBlock.
c:\Users\maf\cci1\Foxtrot\Tests\CheckerTests\CC1012.cs(27,5) : error CC1012: Contract call found after prior EndContractBlock.
c:\Users\maf\cci1\Foxtrot\Tests\CheckerTests\CC1012.cs(32,5) : error CC1012: Contract call found after prior EndContractBlock.
